// Jest Snapshot v1, https://goo.gl/fbAQLP

exports[`Layout component should render correctly 1`] = `
<Connect(StandardLayout)
  data-test="standardLayout"
>
  <p>
    test content
  </p>
</Connect(StandardLayout)>
`;
